wasted/synthetic_demand_data.csv
Date,Product_ID,Base_Price,Current_Price,Day_Of_Week,Traffic_Views,Demand_Units
2025-11-26,1,193.52,214.61,2,536,41
2025-11-27,1,193.52,216.58,3,662,50
2025-11-28,1,193.52,220.38,4,638,47
2025-11-29,1,193.52,183.03,5,900,87
2025-11-30,1,193.52,186.35,6,814,69
2025-12-01,1,193.52,180.57,0,624,59
2025-12-02,1,193.52,207.52,1,513,54
2025-12-03,1,193.52,187.61,2,495,64
2025-12-04,1,193.52,180.09,3,497,56
2025-12-05,1,193.52,218.16,4,702,58
2025-12-06,1,193.52,177.28,5,735,56
2025-12-07,1,193.52,214.68,6,604,80
2025-12-08,1,193.52,166.28,0,362,57
2025-12-09,1,193.52,218.54,1,568,47
2025-12-10,1,193.52,180.45,2,631,52
2025-12-11,1,193.52,174.57,3,570,52
2025-12-12,1,193.52,207.31,4,483,50
2025-12-13,1,193.52,208.68,5,332,66
2025-12-14,1,193.52,206.85,6,786,51
2025-12-15,1,193.52,195.77,0,476,39
2025-12-16,1,193.52,189.03,1,258,46
2025-12-17,1,193.52,194.49,2,241,30
2025-12-18,1,193.52,189.49,3,307,61
2025-12-19,1,193.52,170.84,4,646,55
2025-12-20,1,193.52,178.83,5,770,65
2025-12-21,1,193.52,165.52,6,492,83
2025-12-22,1,193.52,165.02,0,409,72
2025-12-23,1,193.52,219.78,1,259,39
2025-12-24,1,193.52,205.4,2,440,43
2025-12-25,1,193.52,205.45,3,443,45
2025-12-26,1,193.52,210.52,4,271,45
2025-12-27,1,193.52,204.69,5,474,76
2025-12-28,1,193.52,205.43,6,593,65
2025-12-29,1,193.52,191.11,0,585,52
2025-12-30,1,193.52,176.37,1,401,55
2025-12-31,1,193.52,207.16,2,492,42
2026-01-01,1,193.52,179.32,3,289,51
2026-01-02,1,193.52,197.82,4,426,44
2026-01-03,1,193.52,189.41,5,481,73
2026-01-04,1,193.52,170.01,6,506,60
2026-01-05,1,193.52,202.13,0,268,39
2026-01-06,1,193.52,175.21,1,335,53
2026-01-07,1,193.52,173.71,2,692,52
2026-01-08,1,193.52,193.78,3,388,48
2026-01-09,1,193.52,203.0,4,523,45
2026-01-10,1,193.52,209.96,5,386,62
2026-01-11,1,193.52,199.9,6,460,60
2026-01-12,1,193.52,174.1,0,576,56
2026-01-13,1,193.52,192.69,1,675,52
2026-01-14,1,193.52,199.2,2,556,46
2026-01-15,1,193.52,195.74,3,493,47
2026-01-16,1,193.52,188.25,4,396,55
2026-01-17,1,193.52,202.55,5,335,64
2026-01-18,1,193.52,221.63,6,492,51
2026-01-19,1,193.52,181.88,0,286,48
2026-01-20,1,193.52,200.66,1,452,54
2026-01-21,1,193.52,211.16,2,629,44
2026-01-22,1,193.52,181.02,3,418,59
2026-01-23,1,193.52,171.54,4,710,63
2026-01-24,1,193.52,166.68,5,756,76
2026-01-25,1,193.52,180.11,6,323,75
2026-01-26,1,193.52,175.44,0,623,76
2026-01-27,1,193.52,214.37,1,281,53
2026-01-28,1,193.52,189.45,2,376,56
2026-01-29,1,193.52,188.98,3,348,44
2026-01-30,1,193.52,184.85,4,418,53
2026-01-31,1,193.52,176.19,5,906,74
2026-02-01,1,193.52,218.72,6,424,51
2026-02-02,1,193.52,220.63,0,490,39
2026-02-03,1,193.52,175.89,1,568,52
2026-02-04,1,193.52,171.42,2,346,56
2026-02-05,1,193.52,174.06,3,568,56
2026-02-06,1,193.52,211.53,4,280,48
2026-02-07,1,193.52,176.47,5,855,61
2026-02-08,1,193.52,205.84,6,421,55
2026-02-09,1,193.52,170.84,0,618,45
2026-02-10,1,193.52,195.51,1,632,39
2026-02-11,1,193.52,214.42,2,359,51
2026-02-12,1,193.52,207.66,3,516,44
2026-02-13,1,193.52,177.28,4,373,53
2026-02-14,1,193.52,180.17,5,787,81
2026-02-15,1,193.52,183.39,6,399,73
2026-02-16,1,193.52,188.38,0,691,45
2026-02-17,1,193.52,218.18,1,292,33
2026-02-18,1,193.52,186.33,2,689,59
2026-02-19,1,193.52,206.15,3,689,47
2026-02-20,1,193.52,185.81,4,247,41
2026-02-21,1,193.52,201.23,5,916,57
2026-02-22,1,193.52,164.55,6,754,67
2026-02-23,1,193.52,198.93,0,328,45
2025-11-26,2,86.45,81.55,2,99,19
2025-11-27,2,86.45,75.66,3,79,25
2025-11-28,2,86.45,77.98,4,78,14
2025-11-29,2,86.45,89.87,5,148,14
2025-11-30,2,86.45,98.64,6,209,17
2025-12-01,2,86.45,78.91,0,104,17
2025-12-02,2,86.45,94.11,1,84,7
2025-12-03,2,86.45,82.48,2,148,15
2025-12-04,2,86.45,77.1,3,160,13
2025-12-05,2,86.45,95.84,4,161,9
2025-12-06,2,86.45,86.32,5,153,19
2025-12-07,2,86.45,96.01,6,199,17
2025-12-08,2,86.45,92.34,0,149,11
2025-12-09,2,86.45,90.57,1,107,14
2025-12-10,2,86.45,75.96,2,135,18
2025-12-11,2,86.45,90.11,3,158,8
2025-12-12,2,86.45,75.68,4,146,11
2025-12-13,2,86.45,98.33,5,135,11
2025-12-14,2,86.45,76.99,6,195,14
2025-12-15,2,86.45,94.8,0,105,8
2025-12-16,2,86.45,81.06,1,169,19
2025-12-17,2,86.45,82.27,2,156,16
2025-12-18,2,86.45,77.49,3,63,20
2025-12-19,2,86.45,96.64,4,67,15
2025-12-20,2,86.45,82.82,5,120,25
2025-12-21,2,86.45,82.51,6,136,25
2025-12-22,2,86.45,89.93,0,86,11
2025-12-23,2,86.45,81.17,1,145,19
2025-12-24,2,86.45,80.34,2,84,16
2025-12-25,2,86.45,97.76,3,67,14
2025-12-26,2,86.45,89.78,4,142,10
2025-12-27,2,86.45,81.9,5,120,16
2025-12-28,2,86.45,77.88,6,81,27
2025-12-29,2,86.45,93.63,0,163,9
2025-12-30,2,86.45,97.1,1,121,10
2025-12-31,2,86.45,81.26,2,131,15
2026-01-01,2,86.45,91.01,3,139,6
2026-01-02,2,86.45,88.74,4,107,10
2026-01-03,2,86.45,91.44,5,114,17
2026-01-04,2,86.45,99.09,6,147,13
2026-01-05,2,86.45,89.09,0,130,12
2026-01-06,2,86.45,83.8,1,121,15
2026-01-07,2,86.45,86.03,2,110,12
2026-01-08,2,86.45,92.81,3,88,11
2026-01-09,2,86.45,93.84,4,83,15
2026-01-10,2,86.45,75.31,5,220,20
2026-01-11,2,86.45,77.3,6,124,17
2026-01-12,2,86.45,78.58,0,85,18
2026-01-13,2,86.45,79.96,1,101,22
2026-01-14,2,86.45,84.13,2,120,17
2026-01-15,2,86.45,98.83,3,162,10
2026-01-16,2,86.45,81.37,4,157,13
2026-01-17,2,86.45,96.59,5,148,13
2026-01-18,2,86.45,88.12,6,117,24
2026-01-19,2,86.45,83.29,0,70,17
2026-01-20,2,86.45,77.75,1,108,25
2026-01-21,2,86.45,76.92,2,125,19
2026-01-22,2,86.45,75.49,3,62,12
2026-01-23,2,86.45,88.49,4,169,14
2026-01-24,2,86.45,79.79,5,194,16
2026-01-25,2,86.45,88.92,6,162,9
2026-01-26,2,86.45,86.31,0,70,14
2026-01-27,2,86.45,78.11,1,88,16
2026-01-28,2,86.45,99.14,2,66,15
2026-01-29,2,86.45,90.17,3,91,5
2026-01-30,2,86.45,79.74,4,85,13
2026-01-31,2,86.45,75.22,5,82,21
2026-02-01,2,86.45,83.42,6,202,19
2026-02-02,2,86.45,75.2,0,179,18
2026-02-03,2,86.45,85.65,1,104,8
2026-02-04,2,86.45,91.67,2,154,10
2026-02-05,2,86.45,81.77,3,131,8
2026-02-06,2,86.45,78.89,4,140,10
2026-02-07,2,86.45,89.19,5,186,15
2026-02-08,2,86.45,95.88,6,198,10
2026-02-09,2,86.45,95.66,0,101,8
2026-02-10,2,86.45,94.1,1,81,13
2026-02-11,2,86.45,78.24,2,151,16
2026-02-12,2,86.45,79.36,3,129,16
2026-02-13,2,86.45,96.13,4,144,5
2026-02-14,2,86.45,85.5,5,151,24
2026-02-15,2,86.45,77.21,6,79,28
2026-02-16,2,86.45,82.27,0,77,20
2026-02-17,2,86.45,83.17,1,85,16
2026-02-18,2,86.45,80.02,2,84,14
2026-02-19,2,86.45,85.44,3,99,14
2026-02-20,2,86.45,91.38,4,100,14
2026-02-21,2,86.45,90.96,5,162,10
2026-02-22,2,86.45,79.64,6,137,21
2026-02-23,2,86.45,85.65,0,100,8
2025-11-26,3,304.55,339.92,2,358,25
2025-11-27,3,304.55,259.7,3,221,69
2025-11-28,3,304.55,324.15,4,427,42
2025-11-29,3,304.55,320.31,5,600,57
2025-11-30,3,304.55,296.76,6,370,70
2025-12-01,3,304.55,292.57,0,354,54
2025-12-02,3,304.55,333.29,1,429,35
2025-12-03,3,304.55,300.2,2,236,38
2025-12-04,3,304.55,260.54,3,521,53
2025-12-05,3,304.55,262.25,4,404,56
2025-12-06,3,304.55,290.64,5,564,65
2025-12-07,3,304.55,270.86,6,255,91
2025-12-08,3,304.55,292.76,0,548,50
2025-12-09,3,304.55,318.97,1,552,37
2025-12-10,3,304.55,274.21,2,455,66
2025-12-11,3,304.55,343.17,3,363,34
2025-12-12,3,304.55,259.97,4,536,70
2025-12-13,3,304.55,286.79,5,659,65
2025-12-14,3,304.55,284.65,6,365,61
2025-12-15,3,304.55,285.1,0,476,53
2025-12-16,3,304.55,260.51,1,539,70
2025-12-17,3,304.55,285.68,2,527,49
2025-12-18,3,304.55,289.98,3,210,47
2025-12-19,3,304.55,305.5,4,415,55
2025-12-20,3,304.55,330.94,5,667,45
2025-12-21,3,304.55,340.96,6,614,49
2025-12-22,3,304.55,325.46,0,219,36
2025-12-23,3,304.55,305.81,1,371,41
2025-12-24,3,304.55,285.13,2,426,39
2025-12-25,3,304.55,299.42,3,192,41
2025-12-26,3,304.55,324.96,4,381,44
2025-12-27,3,304.55,278.85,5,524,65
2025-12-28,3,304.55,322.79,6,641,50
2025-12-29,3,304.55,335.62,0,549,43
2025-12-30,3,304.55,262.05,1,387,62
2025-12-31,3,304.55,269.52,2,385,71
2026-01-01,3,304.55,275.47,3,242,64
2026-01-02,3,304.55,283.67,4,517,49
2026-01-03,3,304.55,278.85,5,268,60
2026-01-04,3,304.55,349.82,6,518,47
2026-01-05,3,304.55,270.45,0,328,50
2026-01-06,3,304.55,335.53,1,237,35
2026-01-07,3,304.55,311.45,2,243,41
2026-01-08,3,304.55,277.01,3,473,67
2026-01-09,3,304.55,297.14,4,353,41
2026-01-10,3,304.55,308.62,5,276,73
2026-01-11,3,304.55,343.47,6,317,61
2026-01-12,3,304.55,319.8,0,344,53
2026-01-13,3,304.55,305.89,1,221,41
2026-01-14,3,304.55,292.51,2,545,47
2026-01-15,3,304.55,279.63,3,384,58
2026-01-16,3,304.55,325.29,4,439,40
2026-01-17,3,304.55,320.15,5,633,45
2026-01-18,3,304.55,340.71,6,289,46
2026-01-19,3,304.55,274.08,0,547,65
2026-01-20,3,304.55,297.14,1,374,50
2026-01-21,3,304.55,297.05,2,498,55
2026-01-22,3,304.55,344.12,3,419,38
2026-01-23,3,304.55,293.46,4,495,51
2026-01-24,3,304.55,300.96,5,376,53
2026-01-25,3,304.55,335.71,6,717,43
2026-01-26,3,304.55,272.06,0,347,54
2026-01-27,3,304.55,288.15,1,234,46
2026-01-28,3,304.55,346.72,2,299,23
2026-01-29,3,304.55,332.13,3,498,35
2026-01-30,3,304.55,284.42,4,254,52
2026-01-31,3,304.55,296.86,5,584,74
2026-02-01,3,304.55,283.28,6,483,58
2026-02-02,3,304.55,281.34,0,380,53
2026-02-03,3,304.55,319.51,1,429,35
2026-02-04,3,304.55,294.83,2,255,34
2026-02-05,3,304.55,265.56,3,483,67
2026-02-06,3,304.55,273.84,4,455,52
2026-02-07,3,304.55,310.79,5,450,40
2026-02-08,3,304.55,329.15,6,525,44
2026-02-09,3,304.55,323.28,0,350,28
2026-02-10,3,304.55,295.62,1,473,65
2026-02-11,3,304.55,322.46,2,310,29
2026-02-12,3,304.55,274.46,3,428,66
2026-02-13,3,304.55,318.59,4,536,43
2026-02-14,3,304.55,305.74,5,561,65
2026-02-15,3,304.55,314.25,6,401,54
2026-02-16,3,304.55,319.06,0,393,38
2026-02-17,3,304.55,261.99,1,302,71
2026-02-18,3,304.55,285.91,2,374,41
2026-02-19,3,304.55,348.95,3,530,31
2026-02-20,3,304.55,323.18,4,365,48
2026-02-21,3,304.55,338.94,5,336,32
2026-02-22,3,304.55,347.54,6,582,38
2026-02-23,3,304.55,261.92,0,357,82
2025-11-26,4,417.9,450.59,2,154,14
2025-11-27,4,417.9,375.37,3,152,18
2025-11-28,4,417.9,431.9,4,133,9
2025-11-29,4,417.9,366.65,5,188,12
2025-11-30,4,417.9,411.7,6,119,27
2025-12-01,4,417.9,386.86,0,176,21
2025-12-02,4,417.9,465.19,1,129,13
2025-12-03,4,417.9,407.73,2,205,12
2025-12-04,4,417.9,389.57,3,153,16
2025-12-05,4,417.9,364.86,4,174,15
2025-12-06,4,417.9,465.37,5,245,17
2025-12-07,4,417.9,455.07,6,185,8
2025-12-08,4,417.9,446.14,0,143,10
2025-12-09,4,417.9,453.3,1,155,10
2025-12-10,4,417.9,367.21,2,76,18
2025-12-11,4,417.9,377.13,3,145,15
2025-12-12,4,417.9,392.39,4,123,18
2025-12-13,4,417.9,466.31,5,206,12
2025-12-14,4,417.9,386.5,6,146,23
2025-12-15,4,417.9,455.25,0,130,16
2025-12-16,4,417.9,459.19,1,113,15
2025-12-17,4,417.9,432.57,2,89,10
2025-12-18,4,417.9,440.1,3,160,10
2025-12-19,4,417.9,414.99,4,172,15
2025-12-20,4,417.9,402.52,5,277,11
2025-12-21,4,417.9,405.11,6,151,10
2025-12-22,4,417.9,415.5,0,169,8
2025-12-23,4,417.9,458.96,1,174,13
2025-12-24,4,417.9,474.49,2,116,7
2025-12-25,4,417.9,362.26,3,144,25
2025-12-26,4,417.9,460.94,4,143,9
2025-12-27,4,417.9,457.38,5,241,17
2025-12-28,4,417.9,405.6,6,123,18
2025-12-29,4,417.9,379.68,0,144,19
2025-12-30,4,417.9,375.36,1,76,15
2025-12-31,4,417.9,447.11,2,168,17
2026-01-01,4,417.9,407.76,3,97,18
2026-01-02,4,417.9,361.55,4,134,14
2026-01-03,4,417.9,461.71,5,103,16
2026-01-04,4,417.9,393.54,6,170,21
2026-01-05,4,417.9,381.39,0,81,16
2026-01-06,4,417.9,364.13,1,156,18
2026-01-07,4,417.9,426.71,2,103,15
2026-01-08,4,417.9,449.4,3,203,15
2026-01-09,4,417.9,419.51,4,119,12
2026-01-10,4,417.9,462.99,5,126,18
2026-01-11,4,417.9,448.18,6,198,20
2026-01-12,4,417.9,471.83,0,149,8
2026-01-13,4,417.9,365.21,1,172,25
2026-01-14,4,417.9,469.29,2,177,12
2026-01-15,4,417.9,479.36,3,161,12
2026-01-16,4,417.9,469.94,4,95,11
2026-01-17,4,417.9,460.38,5,260,10
2026-01-18,4,417.9,376.37,6,277,20
2026-01-19,4,417.9,364.0,0,81,11
2026-01-20,4,417.9,428.65,1,88,21
2026-01-21,4,417.9,366.59,2,111,22
2026-01-22,4,417.9,400.55,3,88,10
2026-01-23,4,417.9,463.88,4,202,16
2026-01-24,4,417.9,436.82,5,250,14
2026-01-25,4,417.9,468.88,6,130,14
2026-01-26,4,417.9,428.64,0,74,15
2026-01-27,4,417.9,410.61,1,123,16
2026-01-28,4,417.9,362.37,2,88,13
2026-01-29,4,417.9,477.8,3,101,8
2026-01-30,4,417.9,385.47,4,84,13
2026-01-31,4,417.9,379.19,5,192,12
2026-02-01,4,417.9,426.14,6,229,24
2026-02-02,4,417.9,363.74,0,100,13
2026-02-03,4,417.9,379.46,1,103,12
2026-02-04,4,417.9,479.23,2,97,11
2026-02-05,4,417.9,445.02,3,170,11
2026-02-06,4,417.9,430.36,4,97,15
2026-02-07,4,417.9,458.11,5,210,18
2026-02-08,4,417.9,370.49,6,191,22
2026-02-09,4,417.9,359.12,0,199,12
2026-02-10,4,417.9,407.95,1,142,12
2026-02-11,4,417.9,429.05,2,148,15
2026-02-12,4,417.9,416.83,3,214,11
2026-02-13,4,417.9,366.68,4,147,13
2026-02-14,4,417.9,405.72,5,266,21
2026-02-15,4,417.9,366.11,6,136,17
2026-02-16,4,417.9,447.01,0,85,4
2026-02-17,4,417.9,446.09,1,174,9
2026-02-18,4,417.9,469.75,2,149,10
2026-02-19,4,417.9,467.43,3,129,18
2026-02-20,4,417.9,411.66,4,101,11
2026-02-21,4,417.9,459.96,5,125,18
2026-02-22,4,417.9,411.45,6,213,12
2026-02-23,4,417.9,473.84,0,179,12
2025-11-26,5,159.08,160.16,2,265,23
2025-11-27,5,159.08,145.92,3,346,26
2025-11-28,5,159.08,171.38,4,147,16
2025-11-29,5,159.08,156.29,5,516,32
2025-11-30,5,159.08,146.13,6,435,41
2025-12-01,5,159.08,160.61,0,173,25
2025-12-02,5,159.08,153.21,1,275,25
2025-12-03,5,159.08,165.39,2,146,27
2025-12-04,5,159.08,145.07,3,146,38
2025-12-05,5,159.08,138.34,4,233,34
2025-12-06,5,159.08,167.68,5,416,36
2025-12-07,5,159.08,167.93,6,346,26
2025-12-08,5,159.08,163.49,0,404,20
2025-12-09,5,159.08,167.08,1,374,28
2025-12-10,5,159.08,161.31,2,209,24
2025-12-11,5,159.08,152.76,3,162,42
2025-12-12,5,159.08,144.06,4,192,22
2025-12-13,5,159.08,168.41,5,187,33
2025-12-14,5,159.08,172.28,6,210,30
2025-12-15,5,159.08,142.76,0,342,37
2025-12-16,5,159.08,168.8,1,297,16
2025-12-17,5,159.08,176.94,2,284,16
2025-12-18,5,159.08,182.37,3,272,24
2025-12-19,5,159.08,141.63,4,228,29
2025-12-20,5,159.08,158.78,5,330,36
2025-12-21,5,159.08,146.99,6,366,44
2025-12-22,5,159.08,154.2,0,406,32
2025-12-23,5,159.08,179.17,1,341,18
2025-12-24,5,159.08,167.48,2,345,26
2025-12-25,5,159.08,171.7,3,260,25
2025-12-26,5,159.08,156.75,4,195,26
2025-12-27,5,159.08,139.43,5,445,40
2025-12-28,5,159.08,179.19,6,402,29
2025-12-29,5,159.08,158.28,0,382,24
2025-12-30,5,159.08,137.58,1,350,25
2025-12-31,5,159.08,162.26,2,331,33
2026-01-01,5,159.08,146.26,3,286,32
2026-01-02,5,159.08,174.22,4,409,15
2026-01-03,5,159.08,158.05,5,531,31
2026-01-04,5,159.08,150.26,6,235,40
2026-01-05,5,159.08,176.83,0,308,20
2026-01-06,5,159.08,161.84,1,417,14
2026-01-07,5,159.08,152.15,2,366,29
2026-01-08,5,159.08,180.85,3,250,19
2026-01-09,5,159.08,151.68,4,158,23
2026-01-10,5,159.08,159.64,5,472,28
2026-01-11,5,159.08,160.73,6,258,30
2026-01-12,5,159.08,153.34,0,319,37
2026-01-13,5,159.08,141.24,1,309,37
2026-01-14,5,159.08,155.13,2,394,22
2026-01-15,5,159.08,145.93,3,287,26
2026-01-16,5,159.08,158.7,4,231,21
2026-01-17,5,159.08,144.4,5,223,50
2026-01-18,5,159.08,167.52,6,298,26
2026-01-19,5,159.08,179.54,0,285,27
2026-01-20,5,159.08,166.14,1,213,28
2026-01-21,5,159.08,169.58,2,172,25
2026-01-22,5,159.08,158.48,3,321,37
2026-01-23,5,159.08,161.18,4,354,30
2026-01-24,5,159.08,148.28,5,550,40
2026-01-25,5,159.08,137.18,6,315,39
2026-01-26,5,159.08,152.7,0,158,24
2026-01-27,5,159.08,170.74,1,186,17
2026-01-28,5,159.08,155.89,2,371,31
2026-01-29,5,159.08,145.25,3,304,32
2026-01-30,5,159.08,161.5,4,376,27
2026-01-31,5,159.08,162.51,5,523,25
2026-02-01,5,159.08,141.5,6,298,49
2026-02-02,5,159.08,144.24,0,307,26
2026-02-03,5,159.08,148.56,1,179,32
2026-02-04,5,159.08,159.46,2,294,31
2026-02-05,5,159.08,137.05,3,320,39
2026-02-06,5,159.08,166.83,4,188,27
2026-02-07,5,159.08,140.87,5,191,38
2026-02-08,5,159.08,157.9,6,321,37
2026-02-09,5,159.08,143.6,0,417,34
2026-02-10,5,159.08,137.71,1,339,32
2026-02-11,5,159.08,155.38,2,256,24
2026-02-12,5,159.08,139.52,3,316,36
2026-02-13,5,159.08,173.89,4,181,22
2026-02-14,5,159.08,160.49,5,315,34
2026-02-15,5,159.08,166.63,6,284,33
2026-02-16,5,159.08,169.42,0,268,22
2026-02-17,5,159.08,148.22,1,381,26
2026-02-18,5,159.08,137.71,2,215,23
2026-02-19,5,159.08,163.9,3,346,36
2026-02-20,5,159.08,165.45,4,214,22
2026-02-21,5,159.08,160.04,5,494,32
2026-02-22,5,159.08,176.23,6,281,27
2026-02-23,5,159.08,164.85,0,398,25
