wasted/synthetic_demand_data.csv
Date,Product_ID,Base_Price,Current_Price,Day_Of_Week,Traffic_Views,Demand_Units
2025-11-26,6,309.81,347.69,2,84,7
2025-11-27,6,309.81,332.72,3,129,12
2025-11-28,6,309.81,267.12,4,152,17
2025-11-29,6,309.81,276.63,5,184,19
2025-11-30,6,309.81,273.89,6,171,18
2025-12-01,6,309.81,285.87,0,86,11
2025-12-02,6,309.81,310.06,1,82,16
2025-12-03,6,309.81,352.66,2,73,7
2025-12-04,6,309.81,319.15,3,131,9
2025-12-05,6,309.81,292.96,4,126,17
2025-12-06,6,309.81,345.21,5,201,7
2025-12-07,6,309.81,269.3,6,158,15
2025-12-08,6,309.81,322.04,0,139,11
2025-12-09,6,309.81,303.82,1,148,6
2025-12-10,6,309.81,309.51,2,167,10
2025-12-11,6,309.81,353.1,3,105,8
2025-12-12,6,309.81,334.38,4,86,6
2025-12-13,6,309.81,337.15,5,86,13
2025-12-14,6,309.81,269.16,6,206,13
2025-12-15,6,309.81,343.01,0,158,7
2025-12-16,6,309.81,264.49,1,109,12
2025-12-17,6,309.81,300.01,2,103,10
2025-12-18,6,309.81,308.47,3,59,10
2025-12-19,6,309.81,289.25,4,80,21
2025-12-20,6,309.81,263.74,5,97,22
2025-12-21,6,309.81,268.71,6,213,27
2025-12-22,6,309.81,299.81,0,141,12
2025-12-23,6,309.81,281.48,1,95,17
2025-12-24,6,309.81,288.53,2,123,7
2025-12-25,6,309.81,278.16,3,74,6
2025-12-26,6,309.81,299.38,4,147,17
2025-12-27,6,309.81,266.23,5,111,15
2025-12-28,6,309.81,268.17,6,77,17
2025-12-29,6,309.81,301.15,0,93,11
2025-12-30,6,309.81,289.46,1,75,11
2025-12-31,6,309.81,293.71,2,57,7
2026-01-01,6,309.81,300.81,3,141,12
2026-01-02,6,309.81,294.7,4,154,6
2026-01-03,6,309.81,264.61,5,85,15
2026-01-04,6,309.81,317.1,6,174,15
2026-01-05,6,309.81,313.55,0,65,9
2026-01-06,6,309.81,267.43,1,77,15
2026-01-07,6,309.81,327.93,2,120,10
2026-01-08,6,309.81,308.52,3,68,8
2026-01-09,6,309.81,283.75,4,56,15
2026-01-10,6,309.81,290.19,5,128,14
2026-01-11,6,309.81,333.96,6,122,4
2026-01-12,6,309.81,318.33,0,78,12
2026-01-13,6,309.81,345.11,1,129,9
2026-01-14,6,309.81,315.17,2,62,8
2026-01-15,6,309.81,323.59,3,114,12
2026-01-16,6,309.81,293.34,4,85,11
2026-01-17,6,309.81,333.98,5,80,16
2026-01-18,6,309.81,271.98,6,94,11
2026-01-19,6,309.81,329.19,0,138,10
2026-01-20,6,309.81,325.93,1,125,9
2026-01-21,6,309.81,336.66,2,82,9
2026-01-22,6,309.81,313.55,3,62,4
2026-01-23,6,309.81,278.84,4,146,16
2026-01-24,6,309.81,264.02,5,149,19
2026-01-25,6,309.81,351.52,6,112,14
2026-01-26,6,309.81,280.42,0,121,9
2026-01-27,6,309.81,338.41,1,84,8
2026-01-28,6,309.81,294.35,2,92,15
2026-01-29,6,309.81,300.8,3,129,13
2026-01-30,6,309.81,267.06,4,167,13
2026-01-31,6,309.81,345.08,5,133,11
2026-02-01,6,309.81,351.39,6,135,9
2026-02-02,6,309.81,350.91,0,114,7
2026-02-03,6,309.81,275.81,1,129,11
2026-02-04,6,309.81,325.03,2,69,9
2026-02-05,6,309.81,296.56,3,87,13
2026-02-06,6,309.81,302.87,4,84,14
2026-02-07,6,309.81,336.79,5,116,12
2026-02-08,6,309.81,278.57,6,129,12
2026-02-09,6,309.81,300.29,0,94,8
2026-02-10,6,309.81,339.18,1,146,7
2026-02-11,6,309.81,342.09,2,106,5
2026-02-12,6,309.81,328.78,3,122,9
2026-02-13,6,309.81,280.61,4,166,9
2026-02-14,6,309.81,302.22,5,177,19
2026-02-15,6,309.81,316.63,6,209,17
2026-02-16,6,309.81,310.44,0,70,10
2026-02-17,6,309.81,270.32,1,162,12
2026-02-18,6,309.81,338.89,2,60,11
2026-02-19,6,309.81,332.68,3,115,12
2026-02-20,6,309.81,293.75,4,83,8
2026-02-21,6,309.81,289.81,5,147,16
2026-02-22,6,309.81,324.97,6,123,15
2026-02-23,6,309.81,300.71,0,67,5
2025-11-26,7,233.47,242.82,2,553,43
2025-11-27,7,233.47,238.86,3,400,32
2025-11-28,7,233.47,205.31,4,399,53
2025-11-29,7,233.47,204.34,5,629,55
2025-11-30,7,233.47,234.89,6,708,53
2025-12-01,7,233.47,221.01,0,286,42
2025-12-02,7,233.47,236.52,1,567,42
2025-12-03,7,233.47,261.35,2,284,26
2025-12-04,7,233.47,234.8,3,220,33
2025-12-05,7,233.47,214.77,4,211,57
2025-12-06,7,233.47,250.53,5,346,52
2025-12-07,7,233.47,220.19,6,500,57
2025-12-08,7,233.47,234.51,0,346,42
2025-12-09,7,233.47,198.86,1,332,54
2025-12-10,7,233.47,248.72,2,480,27
2025-12-11,7,233.47,202.75,3,516,54
2025-12-12,7,233.47,212.86,4,250,52
2025-12-13,7,233.47,243.44,5,296,50
2025-12-14,7,233.47,227.25,6,444,67
2025-12-15,7,233.47,229.29,0,449,48
2025-12-16,7,233.47,219.27,1,322,51
2025-12-17,7,233.47,248.47,2,446,32
2025-12-18,7,233.47,200.62,3,358,47
2025-12-19,7,233.47,268.34,4,474,36
2025-12-20,7,233.47,266.12,5,661,54
2025-12-21,7,233.47,267.89,6,547,56
2025-12-22,7,233.47,253.61,0,302,35
2025-12-23,7,233.47,249.38,1,428,48
2025-12-24,7,233.47,264.62,2,498,39
2025-12-25,7,233.47,244.98,3,557,43
2025-12-26,7,233.47,203.14,4,555,52
2025-12-27,7,233.47,201.18,5,611,68
2025-12-28,7,233.47,240.96,6,724,59
2025-12-29,7,233.47,207.28,0,280,68
2025-12-30,7,233.47,225.92,1,504,35
2025-12-31,7,233.47,230.95,2,249,29
2026-01-01,7,233.47,228.46,3,496,49
2026-01-02,7,233.47,251.16,4,222,35
2026-01-03,7,233.47,242.68,5,485,50
2026-01-04,7,233.47,259.59,6,524,47
2026-01-05,7,233.47,208.5,0,262,50
2026-01-06,7,233.47,201.65,1,583,64
2026-01-07,7,233.47,233.21,2,316,45
2026-01-08,7,233.47,255.11,3,554,30
2026-01-09,7,233.47,206.88,4,228,51
2026-01-10,7,233.47,209.65,5,624,57
2026-01-11,7,233.47,231.03,6,381,52
2026-01-12,7,233.47,240.65,0,399,39
2026-01-13,7,233.47,251.44,1,392,29
2026-01-14,7,233.47,258.54,2,324,27
2026-01-15,7,233.47,259.18,3,300,28
2026-01-16,7,233.47,263.43,4,551,35
2026-01-17,7,233.47,222.44,5,548,46
2026-01-18,7,233.47,254.18,6,336,35
2026-01-19,7,233.47,240.16,0,559,37
2026-01-20,7,233.47,218.15,1,367,41
2026-01-21,7,233.47,247.51,2,507,27
2026-01-22,7,233.47,200.73,3,501,61
2026-01-23,7,233.47,230.94,4,271,38
2026-01-24,7,233.47,264.64,5,615,28
2026-01-25,7,233.47,236.14,6,299,65
2026-01-26,7,233.47,247.27,0,427,34
2026-01-27,7,233.47,259.0,1,326,36
2026-01-28,7,233.47,199.35,2,522,56
2026-01-29,7,233.47,220.91,3,239,44
2026-01-30,7,233.47,245.15,4,316,38
2026-01-31,7,233.47,217.93,5,432,77
2026-02-01,7,233.47,241.4,6,717,52
2026-02-02,7,233.47,247.05,0,399,36
2026-02-03,7,233.47,237.5,1,304,42
2026-02-04,7,233.47,250.73,2,205,28
2026-02-05,7,233.47,259.46,3,339,37
2026-02-06,7,233.47,260.21,4,561,27
2026-02-07,7,233.47,227.21,5,383,46
2026-02-08,7,233.47,249.5,6,750,33
2026-02-09,7,233.47,237.1,0,456,36
2026-02-10,7,233.47,198.93,1,263,52
2026-02-11,7,233.47,211.72,2,512,58
2026-02-12,7,233.47,215.37,3,407,46
2026-02-13,7,233.47,228.19,4,326,35
2026-02-14,7,233.47,230.08,5,476,58
2026-02-15,7,233.47,215.07,6,399,63
2026-02-16,7,233.47,216.54,0,395,55
2026-02-17,7,233.47,253.12,1,506,36
2026-02-18,7,233.47,248.2,2,348,42
2026-02-19,7,233.47,223.33,3,365,43
2026-02-20,7,233.47,207.54,4,384,52
2026-02-21,7,233.47,253.88,5,566,50
2026-02-22,7,233.47,249.98,6,517,46
2026-02-23,7,233.47,225.08,0,337,48
2025-11-26,8,300.28,335.65,2,73,5
2025-11-27,8,300.28,280.53,3,37,6
2025-11-28,8,300.28,294.32,4,63,6
2025-11-29,8,300.28,318.86,5,53,9
2025-11-30,8,300.28,334.21,6,83,5
2025-12-01,8,300.28,335.46,0,77,7
2025-12-02,8,300.28,339.91,1,79,7
2025-12-03,8,300.28,297.77,2,75,6
2025-12-04,8,300.28,262.7,3,78,7
2025-12-05,8,300.28,334.04,4,72,12
2025-12-06,8,300.28,300.96,5,46,10
2025-12-07,8,300.28,309.29,6,72,6
2025-12-08,8,300.28,290.47,0,104,7
2025-12-09,8,300.28,317.89,1,63,4
2025-12-10,8,300.28,307.34,2,54,3
2025-12-11,8,300.28,344.86,3,39,4
2025-12-12,8,300.28,313.25,4,73,7
2025-12-13,8,300.28,305.75,5,101,6
2025-12-14,8,300.28,315.04,6,134,8
2025-12-15,8,300.28,342.36,0,65,6
2025-12-16,8,300.28,336.58,1,95,5
2025-12-17,8,300.28,341.28,2,93,0
2025-12-18,8,300.28,323.36,3,67,9
2025-12-19,8,300.28,256.53,4,87,11
2025-12-20,8,300.28,282.09,5,55,9
2025-12-21,8,300.28,288.18,6,66,9
2025-12-22,8,300.28,314.39,0,52,4
2025-12-23,8,300.28,289.52,1,47,5
2025-12-24,8,300.28,308.17,2,85,3
2025-12-25,8,300.28,265.19,3,55,8
2025-12-26,8,300.28,342.45,4,40,6
2025-12-27,8,300.28,335.25,5,76,7
2025-12-28,8,300.28,274.27,6,125,12
2025-12-29,8,300.28,306.38,0,76,6
2025-12-30,8,300.28,276.58,1,83,4
2025-12-31,8,300.28,321.8,2,37,4
2026-01-01,8,300.28,330.28,3,73,8
2026-01-02,8,300.28,285.37,4,63,6
2026-01-03,8,300.28,281.9,5,107,7
2026-01-04,8,300.28,272.05,6,48,8
2026-01-05,8,300.28,262.5,0,102,10
2026-01-06,8,300.28,262.19,1,47,6
2026-01-07,8,300.28,307.92,2,102,5
2026-01-08,8,300.28,332.46,3,89,7
2026-01-09,8,300.28,301.4,4,60,4
2026-01-10,8,300.28,300.58,5,119,7
2026-01-11,8,300.28,341.86,6,87,13
2026-01-12,8,300.28,302.02,0,49,5
2026-01-13,8,300.28,258.87,1,58,5
2026-01-14,8,300.28,282.07,2,90,7
2026-01-15,8,300.28,335.92,3,103,6
2026-01-16,8,300.28,325.14,4,92,8
2026-01-17,8,300.28,307.71,5,63,5
2026-01-18,8,300.28,273.0,6,55,10
2026-01-19,8,300.28,312.0,0,65,2
2026-01-20,8,300.28,334.46,1,103,2
2026-01-21,8,300.28,328.63,2,101,10
2026-01-22,8,300.28,330.56,3,46,4
2026-01-23,8,300.28,291.3,4,74,6
2026-01-24,8,300.28,276.88,5,89,11
2026-01-25,8,300.28,314.51,6,122,9
2026-01-26,8,300.28,305.88,0,35,5
2026-01-27,8,300.28,288.81,1,60,7
2026-01-28,8,300.28,276.46,2,101,9
2026-01-29,8,300.28,340.61,3,69,7
2026-01-30,8,300.28,295.39,4,94,7
2026-01-31,8,300.28,296.76,5,107,9
2026-02-01,8,300.28,329.06,6,129,4
2026-02-02,8,300.28,296.22,0,68,6
2026-02-03,8,300.28,303.56,1,66,7
2026-02-04,8,300.28,319.6,2,100,3
2026-02-05,8,300.28,334.77,3,72,5
2026-02-06,8,300.28,263.14,4,63,9
2026-02-07,8,300.28,260.23,5,64,6
2026-02-08,8,300.28,260.39,6,128,7
2026-02-09,8,300.28,306.65,0,66,9
2026-02-10,8,300.28,276.95,1,101,7
2026-02-11,8,300.28,313.29,2,37,5
2026-02-12,8,300.28,343.58,3,60,2
2026-02-13,8,300.28,255.28,4,77,10
2026-02-14,8,300.28,312.92,5,126,8
2026-02-15,8,300.28,300.57,6,52,13
2026-02-16,8,300.28,324.41,0,38,4
2026-02-17,8,300.28,312.72,1,80,7
2026-02-18,8,300.28,320.06,2,43,6
2026-02-19,8,300.28,304.2,3,70,3
2026-02-20,8,300.28,312.29,4,92,3
2026-02-21,8,300.28,259.75,5,126,6
2026-02-22,8,300.28,297.13,6,109,9
2026-02-23,8,300.28,259.82,0,51,6
2025-11-26,9,41.88,45.87,2,649,49
2025-11-27,9,41.88,47.26,3,442,59
2025-11-28,9,41.88,43.87,4,316,39
2025-11-29,9,41.88,45.36,5,656,65
2025-11-30,9,41.88,37.31,6,319,70
2025-12-01,9,41.88,37.2,0,373,54
2025-12-02,9,41.88,39.51,1,357,61
2025-12-03,9,41.88,37.54,2,325,54
2025-12-04,9,41.88,43.93,3,685,57
2025-12-05,9,41.88,44.86,4,352,41
2025-12-06,9,41.88,47.69,5,522,53
2025-12-07,9,41.88,47.99,6,398,64
2025-12-08,9,41.88,36.52,0,319,58
2025-12-09,9,41.88,43.17,1,557,55
2025-12-10,9,41.88,39.66,2,346,52
2025-12-11,9,41.88,39.4,3,286,60
2025-12-12,9,41.88,45.79,4,551,41
2025-12-13,9,41.88,39.79,5,796,77
2025-12-14,9,41.88,38.08,6,660,73
2025-12-15,9,41.88,35.75,0,505,59
2025-12-16,9,41.88,45.58,1,255,60
2025-12-17,9,41.88,43.59,2,262,47
2025-12-18,9,41.88,47.67,3,424,47
2025-12-19,9,41.88,40.71,4,432,40
2025-12-20,9,41.88,40.24,5,342,78
2025-12-21,9,41.88,38.86,6,524,87
2025-12-22,9,41.88,36.08,0,255,50
2025-12-23,9,41.88,44.43,1,701,50
2025-12-24,9,41.88,38.77,2,453,74
2025-12-25,9,41.88,47.07,3,692,46
2025-12-26,9,41.88,39.63,4,343,52
2025-12-27,9,41.88,48.14,5,512,70
2025-12-28,9,41.88,39.81,6,351,58
2025-12-29,9,41.88,42.77,0,326,48
2025-12-30,9,41.88,45.98,1,488,57
2025-12-31,9,41.88,39.32,2,686,54
2026-01-01,9,41.88,42.79,3,393,34
2026-01-02,9,41.88,38.96,4,410,54
2026-01-03,9,41.88,43.14,5,521,82
2026-01-04,9,41.88,42.95,6,645,55
2026-01-05,9,41.88,46.59,0,701,43
2026-01-06,9,41.88,47.52,1,306,47
2026-01-07,9,41.88,42.14,2,666,46
2026-01-08,9,41.88,37.1,3,387,53
2026-01-09,9,41.88,48.09,4,349,34
2026-01-10,9,41.88,39.04,5,902,92
2026-01-11,9,41.88,45.71,6,834,64
2026-01-12,9,41.88,39.07,0,504,52
2026-01-13,9,41.88,45.26,1,441,53
2026-01-14,9,41.88,37.84,2,663,56
2026-01-15,9,41.88,36.21,3,422,55
2026-01-16,9,41.88,43.62,4,277,51
2026-01-17,9,41.88,36.21,5,665,85
2026-01-18,9,41.88,41.32,6,862,72
2026-01-19,9,41.88,46.57,0,351,44
2026-01-20,9,41.88,44.14,1,632,43
2026-01-21,9,41.88,39.78,2,473,57
2026-01-22,9,41.88,40.71,3,709,39
2026-01-23,9,41.88,47.84,4,640,39
2026-01-24,9,41.88,44.91,5,823,69
2026-01-25,9,41.88,43.42,6,316,60
2026-01-26,9,41.88,40.25,0,509,60
2026-01-27,9,41.88,43.91,1,408,59
2026-01-28,9,41.88,44.09,2,431,66
2026-01-29,9,41.88,42.71,3,602,44
2026-01-30,9,41.88,47.31,4,421,55
2026-01-31,9,41.88,38.92,5,888,78
2026-02-01,9,41.88,46.43,6,411,79
2026-02-02,9,41.88,45.15,0,708,67
2026-02-03,9,41.88,41.62,1,413,66
2026-02-04,9,41.88,37.1,2,493,61
2026-02-05,9,41.88,47.37,3,491,52
2026-02-06,9,41.88,39.67,4,397,56
2026-02-07,9,41.88,35.7,5,830,89
2026-02-08,9,41.88,41.48,6,681,73
2026-02-09,9,41.88,37.38,0,340,46
2026-02-10,9,41.88,44.1,1,376,54
2026-02-11,9,41.88,38.12,2,323,53
2026-02-12,9,41.88,45.34,3,510,57
2026-02-13,9,41.88,46.22,4,454,49
2026-02-14,9,41.88,37.62,5,927,65
2026-02-15,9,41.88,40.47,6,846,77
2026-02-16,9,41.88,43.82,0,576,54
2026-02-17,9,41.88,42.05,1,634,52
2026-02-18,9,41.88,41.32,2,252,52
2026-02-19,9,41.88,47.31,3,527,53
2026-02-20,9,41.88,39.23,4,386,56
2026-02-21,9,41.88,39.37,5,668,69
2026-02-22,9,41.88,43.31,6,808,81
2026-02-23,9,41.88,40.7,0,408,61
2025-11-26,10,159.26,141.1,2,78,17
2025-11-27,10,159.26,153.77,3,126,10
2025-11-28,10,159.26,136.64,4,102,17
2025-11-29,10,159.26,140.68,5,121,6
2025-11-30,10,159.26,154.11,6,114,18
2025-12-01,10,159.26,162.64,0,80,6
2025-12-02,10,159.26,162.6,1,118,9
2025-12-03,10,159.26,166.14,2,85,4
2025-12-04,10,159.26,136.86,3,71,12
2025-12-05,10,159.26,149.1,4,74,5
2025-12-06,10,159.26,168.24,5,69,9
2025-12-07,10,159.26,168.93,6,129,11
2025-12-08,10,159.26,174.97,0,87,5
2025-12-09,10,159.26,153.52,1,128,8
2025-12-10,10,159.26,160.17,2,53,14
2025-12-11,10,159.26,159.71,3,140,10
2025-12-12,10,159.26,179.71,4,68,7
2025-12-13,10,159.26,160.09,5,114,8
2025-12-14,10,159.26,164.45,6,103,7
2025-12-15,10,159.26,177.91,0,54,12
2025-12-16,10,159.26,138.41,1,125,12
2025-12-17,10,159.26,164.22,2,111,7
2025-12-18,10,159.26,161.24,3,61,8
2025-12-19,10,159.26,140.67,4,122,17
2025-12-20,10,159.26,174.65,5,164,8
2025-12-21,10,159.26,157.83,6,169,14
2025-12-22,10,159.26,148.87,0,136,15
2025-12-23,10,159.26,169.05,1,123,10
2025-12-24,10,159.26,175.5,2,64,4
2025-12-25,10,159.26,159.53,3,135,13
2025-12-26,10,159.26,138.65,4,81,10
2025-12-27,10,159.26,176.37,5,182,8
2025-12-28,10,159.26,138.77,6,86,11
2025-12-29,10,159.26,144.11,0,124,6
2025-12-30,10,159.26,151.86,1,49,14
2025-12-31,10,159.26,137.78,2,51,13
2026-01-01,10,159.26,135.68,3,138,20
2026-01-02,10,159.26,138.08,4,50,10
2026-01-03,10,159.26,142.22,5,148,11
2026-01-04,10,159.26,140.41,6,132,14
2026-01-05,10,159.26,137.3,0,85,11
2026-01-06,10,159.26,139.04,1,47,12
2026-01-07,10,159.26,176.54,2,101,10
2026-01-08,10,159.26,171.29,3,123,10
2026-01-09,10,159.26,137.23,4,83,14
2026-01-10,10,159.26,137.43,5,82,13
2026-01-11,10,159.26,154.57,6,143,12
2026-01-12,10,159.26,179.45,0,94,6
2026-01-13,10,159.26,137.02,1,88,5
2026-01-14,10,159.26,182.37,2,51,4
2026-01-15,10,159.26,158.83,3,77,11
2026-01-16,10,159.26,161.43,4,59,8
2026-01-17,10,159.26,152.08,5,133,10
2026-01-18,10,159.26,182.75,6,81,12
2026-01-19,10,159.26,150.66,0,94,7
2026-01-20,10,159.26,173.12,1,104,9
2026-01-21,10,159.26,173.31,2,92,6
2026-01-22,10,159.26,137.9,3,105,11
2026-01-23,10,159.26,165.86,4,79,10
2026-01-24,10,159.26,136.7,5,91,14
2026-01-25,10,159.26,180.79,6,107,10
2026-01-26,10,159.26,167.34,0,85,7
2026-01-27,10,159.26,162.66,1,117,13
2026-01-28,10,159.26,159.81,2,133,8
2026-01-29,10,159.26,177.54,3,48,6
2026-01-30,10,159.26,145.18,4,92,15
2026-01-31,10,159.26,145.84,5,115,14
2026-02-01,10,159.26,178.56,6,100,11
2026-02-02,10,159.26,177.19,0,113,11
2026-02-03,10,159.26,153.21,1,83,11
2026-02-04,10,159.26,170.28,2,96,7
2026-02-05,10,159.26,139.85,3,119,13
2026-02-06,10,159.26,136.84,4,129,11
2026-02-07,10,159.26,161.34,5,140,10
2026-02-08,10,159.26,178.65,6,124,13
2026-02-09,10,159.26,166.94,0,136,10
2026-02-10,10,159.26,144.51,1,85,16
2026-02-11,10,159.26,159.67,2,91,9
2026-02-12,10,159.26,162.69,3,70,3
2026-02-13,10,159.26,155.74,4,97,6
2026-02-14,10,159.26,175.91,5,63,12
2026-02-15,10,159.26,145.63,6,104,11
2026-02-16,10,159.26,162.94,0,79,7
2026-02-17,10,159.26,160.55,1,50,9
2026-02-18,10,159.26,180.91,2,95,8
2026-02-19,10,159.26,178.8,3,106,10
2026-02-20,10,159.26,153.58,4,114,5
2026-02-21,10,159.26,177.25,5,172,8
2026-02-22,10,159.26,135.64,6,83,8
2026-02-23,10,159.26,141.48,0,116,9
