wasted/synthetic_demand_data.csv
Date,Product_ID,Base_Price,Current_Price,Day_Of_Week,Traffic_Views,Demand_Units
2025-11-26,11,69.8,70.19,2,328,46
2025-11-27,11,69.8,77.7,3,338,27
2025-11-28,11,69.8,67.46,4,311,34
2025-11-29,11,69.8,61.79,5,407,61
2025-11-30,11,69.8,70.09,6,455,39
2025-12-01,11,69.8,63.24,0,214,29
2025-12-02,11,69.8,74.45,1,332,29
2025-12-03,11,69.8,63.98,2,199,42
2025-12-04,11,69.8,69.72,3,299,29
2025-12-05,11,69.8,73.56,4,195,19
2025-12-06,11,69.8,60.74,5,383,54
2025-12-07,11,69.8,66.67,6,189,34
2025-12-08,11,69.8,74.75,0,317,26
2025-12-09,11,69.8,75.35,1,358,34
2025-12-10,11,69.8,71.1,2,397,24
2025-12-11,11,69.8,68.0,3,362,38
2025-12-12,11,69.8,77.9,4,312,21
2025-12-13,11,69.8,68.42,5,208,37
2025-12-14,11,69.8,64.05,6,266,59
2025-12-15,11,69.8,66.35,0,183,40
2025-12-16,11,69.8,61.29,1,384,47
2025-12-17,11,69.8,61.01,2,233,58
2025-12-18,11,69.8,66.5,3,210,33
2025-12-19,11,69.8,79.33,4,278,20
2025-12-20,11,69.8,69.22,5,489,36
2025-12-21,11,69.8,62.41,6,180,57
2025-12-22,11,69.8,63.23,0,226,48
2025-12-23,11,69.8,77.45,1,179,22
2025-12-24,11,69.8,61.27,2,340,55
2025-12-25,11,69.8,73.43,3,185,31
2025-12-26,11,69.8,73.08,4,329,31
2025-12-27,11,69.8,67.94,5,223,50
2025-12-28,11,69.8,64.95,6,213,41
2025-12-29,11,69.8,76.03,0,236,17
2025-12-30,11,69.8,74.32,1,329,24
2025-12-31,11,69.8,64.07,2,303,34
2026-01-01,11,69.8,74.58,3,230,30
2026-01-02,11,69.8,63.38,4,311,50
2026-01-03,11,69.8,73.94,5,496,41
2026-01-04,11,69.8,72.68,6,468,41
2026-01-05,11,69.8,78.93,0,319,23
2026-01-06,11,69.8,67.93,1,270,32
2026-01-07,11,69.8,65.75,2,287,38
2026-01-08,11,69.8,74.35,3,266,33
2026-01-09,11,69.8,68.63,4,320,33
2026-01-10,11,69.8,62.29,5,448,52
2026-01-11,11,69.8,66.8,6,402,39
2026-01-12,11,69.8,70.9,0,338,30
2026-01-13,11,69.8,78.45,1,242,29
2026-01-14,11,69.8,59.79,2,347,37
2026-01-15,11,69.8,73.5,3,153,29
2026-01-16,11,69.8,72.93,4,373,34
2026-01-17,11,69.8,74.72,5,399,36
2026-01-18,11,69.8,79.85,6,526,33
2026-01-19,11,69.8,59.75,0,296,45
2026-01-20,11,69.8,69.46,1,381,41
2026-01-21,11,69.8,65.76,2,146,33
2026-01-22,11,69.8,71.09,3,183,25
2026-01-23,11,69.8,75.29,4,331,21
2026-01-24,11,69.8,71.0,5,440,35
2026-01-25,11,69.8,71.97,6,283,37
2026-01-26,11,69.8,75.01,0,210,19
2026-01-27,11,69.8,61.2,1,255,38
2026-01-28,11,69.8,61.12,2,384,37
2026-01-29,11,69.8,73.51,3,328,41
2026-01-30,11,69.8,78.8,4,268,23
2026-01-31,11,69.8,61.51,5,518,67
2026-02-01,11,69.8,60.25,6,432,58
2026-02-02,11,69.8,71.98,0,169,20
2026-02-03,11,69.8,77.58,1,258,22
2026-02-04,11,69.8,59.58,2,408,42
2026-02-05,11,69.8,65.74,3,365,26
2026-02-06,11,69.8,78.68,4,143,25
2026-02-07,11,69.8,60.27,5,196,58
2026-02-08,11,69.8,74.18,6,248,30
2026-02-09,11,69.8,68.56,0,295,31
2026-02-10,11,69.8,73.23,1,206,21
2026-02-11,11,69.8,73.91,2,192,27
2026-02-12,11,69.8,61.78,3,405,39
2026-02-13,11,69.8,70.99,4,351,31
2026-02-14,11,69.8,77.39,5,277,35
2026-02-15,11,69.8,74.89,6,266,34
2026-02-16,11,69.8,67.53,0,207,32
2026-02-17,11,69.8,62.92,1,318,43
2026-02-18,11,69.8,63.54,2,388,38
2026-02-19,11,69.8,60.92,3,211,38
2026-02-20,11,69.8,79.07,4,333,27
2026-02-21,11,69.8,70.83,5,513,44
2026-02-22,11,69.8,69.83,6,192,38
2026-02-23,11,69.8,67.19,0,272,32
2025-11-26,12,136.8,136.69,2,278,31
2025-11-27,12,136.8,131.04,3,276,44
2025-11-28,12,136.8,154.92,4,308,22
2025-11-29,12,136.8,155.77,5,395,32
2025-11-30,12,136.8,151.67,6,656,37
2025-12-01,12,136.8,133.12,0,516,28
2025-12-02,12,136.8,138.56,1,261,31
2025-12-03,12,136.8,120.55,2,452,37
2025-12-04,12,136.8,120.66,3,200,49
2025-12-05,12,136.8,152.36,4,502,28
2025-12-06,12,136.8,118.16,5,620,66
2025-12-07,12,136.8,121.73,6,483,61
2025-12-08,12,136.8,149.35,0,377,37
2025-12-09,12,136.8,154.33,1,195,38
2025-12-10,12,136.8,124.53,2,360,32
2025-12-11,12,136.8,116.73,3,318,47
2025-12-12,12,136.8,151.63,4,468,38
2025-12-13,12,136.8,146.47,5,678,52
2025-12-14,12,136.8,137.76,6,278,53
2025-12-15,12,136.8,120.41,0,257,36
2025-12-16,12,136.8,152.36,1,373,29
2025-12-17,12,136.8,144.13,2,300,33
2025-12-18,12,136.8,121.99,3,328,46
2025-12-19,12,136.8,136.83,4,450,39
2025-12-20,12,136.8,141.22,5,359,35
2025-12-21,12,136.8,121.79,6,659,57
2025-12-22,12,136.8,119.2,0,198,59
2025-12-23,12,136.8,152.05,1,408,34
2025-12-24,12,136.8,126.9,2,325,45
2025-12-25,12,136.8,121.11,3,231,49
2025-12-26,12,136.8,116.5,4,454,53
2025-12-27,12,136.8,129.12,5,522,45
2025-12-28,12,136.8,156.22,6,569,31
2025-12-29,12,136.8,150.97,0,451,23
2025-12-30,12,136.8,119.52,1,328,40
2025-12-31,12,136.8,131.02,2,460,45
2026-01-01,12,136.8,155.14,3,313,32
2026-01-02,12,136.8,125.72,4,317,36
2026-01-03,12,136.8,144.17,5,654,37
2026-01-04,12,136.8,128.91,6,504,62
2026-01-05,12,136.8,155.29,0,181,33
2026-01-06,12,136.8,130.05,1,235,40
2026-01-07,12,136.8,141.54,2,202,23
2026-01-08,12,136.8,123.19,3,465,44
2026-01-09,12,136.8,151.82,4,177,34
2026-01-10,12,136.8,130.34,5,510,43
2026-01-11,12,136.8,138.68,6,318,40
2026-01-12,12,136.8,156.19,0,354,29
2026-01-13,12,136.8,154.67,1,435,39
2026-01-14,12,136.8,141.15,2,323,42
2026-01-15,12,136.8,124.94,3,467,41
2026-01-16,12,136.8,119.37,4,213,30
2026-01-17,12,136.8,143.99,5,319,39
2026-01-18,12,136.8,149.06,6,274,37
2026-01-19,12,136.8,116.59,0,321,52
2026-01-20,12,136.8,154.72,1,461,33
2026-01-21,12,136.8,138.92,2,298,33
2026-01-22,12,136.8,140.64,3,247,39
2026-01-23,12,136.8,151.89,4,324,22
2026-01-24,12,136.8,119.9,5,413,64
2026-01-25,12,136.8,155.93,6,285,33
2026-01-26,12,136.8,154.07,0,376,29
2026-01-27,12,136.8,147.98,1,200,36
2026-01-28,12,136.8,134.7,2,382,25
2026-01-29,12,136.8,132.69,3,506,40
2026-01-30,12,136.8,149.22,4,260,41
2026-01-31,12,136.8,150.05,5,460,38
2026-02-01,12,136.8,124.1,6,529,42
2026-02-02,12,136.8,132.81,0,379,27
2026-02-03,12,136.8,134.32,1,346,35
2026-02-04,12,136.8,123.53,2,376,53
2026-02-05,12,136.8,126.82,3,380,53
2026-02-06,12,136.8,125.28,4,323,44
2026-02-07,12,136.8,152.72,5,273,44
2026-02-08,12,136.8,125.3,6,424,60
2026-02-09,12,136.8,149.16,0,384,24
2026-02-10,12,136.8,128.82,1,228,32
2026-02-11,12,136.8,150.15,2,217,29
2026-02-12,12,136.8,124.45,3,378,59
2026-02-13,12,136.8,121.87,4,483,43
2026-02-14,12,136.8,125.37,5,242,52
2026-02-15,12,136.8,156.59,6,403,25
2026-02-16,12,136.8,145.85,0,352,43
2026-02-17,12,136.8,119.89,1,485,43
2026-02-18,12,136.8,135.34,2,262,36
2026-02-19,12,136.8,149.03,3,370,28
2026-02-20,12,136.8,149.95,4,314,25
2026-02-21,12,136.8,116.61,5,230,61
2026-02-22,12,136.8,142.84,6,436,42
2026-02-23,12,136.8,132.64,0,180,42
2025-11-26,13,277.89,287.02,2,133,6
2025-11-27,13,277.89,308.49,3,188,14
2025-11-28,13,277.89,244.61,4,69,10
2025-11-29,13,277.89,254.85,5,253,12
2025-11-30,13,277.89,274.48,6,256,19
2025-12-01,13,277.89,317.03,0,181,18
2025-12-02,13,277.89,311.94,1,144,13
2025-12-03,13,277.89,256.06,2,79,12
2025-12-04,13,277.89,293.59,3,124,11
2025-12-05,13,277.89,250.13,4,198,17
2025-12-06,13,277.89,299.42,5,90,18
2025-12-07,13,277.89,252.89,6,115,13
2025-12-08,13,277.89,245.54,0,102,8
2025-12-09,13,277.89,244.66,1,131,13
2025-12-10,13,277.89,299.24,2,112,16
2025-12-11,13,277.89,257.86,3,167,10
2025-12-12,13,277.89,299.15,4,127,18
2025-12-13,13,277.89,271.32,5,196,24
2025-12-14,13,277.89,241.85,6,209,21
2025-12-15,13,277.89,273.75,0,166,17
2025-12-16,13,277.89,262.63,1,124,19
2025-12-17,13,277.89,289.23,2,188,17
2025-12-18,13,277.89,269.7,3,198,20
2025-12-19,13,277.89,242.28,4,120,13
2025-12-20,13,277.89,297.78,5,141,20
2025-12-21,13,277.89,277.94,6,204,11
2025-12-22,13,277.89,270.34,0,174,19
2025-12-23,13,277.89,288.3,1,142,12
2025-12-24,13,277.89,285.35,2,148,16
2025-12-25,13,277.89,249.66,3,77,21
2025-12-26,13,277.89,241.75,4,168,17
2025-12-27,13,277.89,299.93,5,194,22
2025-12-28,13,277.89,263.4,6,138,16
2025-12-29,13,277.89,254.59,0,95,21
2025-12-30,13,277.89,305.78,1,191,10
2025-12-31,13,277.89,265.45,2,114,19
2026-01-01,13,277.89,318.77,3,70,15
2026-01-02,13,277.89,305.07,4,156,18
2026-01-03,13,277.89,258.88,5,124,22
2026-01-04,13,277.89,284.82,6,213,17
2026-01-05,13,277.89,247.22,0,125,17
2026-01-06,13,277.89,262.5,1,118,12
2026-01-07,13,277.89,279.4,2,95,12
2026-01-08,13,277.89,296.26,3,134,15
2026-01-09,13,277.89,318.64,4,130,11
2026-01-10,13,277.89,314.41,5,245,24
2026-01-11,13,277.89,276.44,6,123,30
2026-01-12,13,277.89,276.51,0,123,8
2026-01-13,13,277.89,266.5,1,191,12
2026-01-14,13,277.89,280.85,2,130,13
2026-01-15,13,277.89,247.36,3,193,9
2026-01-16,13,277.89,247.51,4,101,17
2026-01-17,13,277.89,247.03,5,203,22
2026-01-18,13,277.89,272.06,6,162,17
2026-01-19,13,277.89,297.25,0,97,18
2026-01-20,13,277.89,303.32,1,179,12
2026-01-21,13,277.89,267.66,2,100,12
2026-01-22,13,277.89,247.51,3,85,18
2026-01-23,13,277.89,315.54,4,109,12
2026-01-24,13,277.89,318.79,5,134,18
2026-01-25,13,277.89,254.69,6,221,16
2026-01-26,13,277.89,266.72,0,174,15
2026-01-27,13,277.89,285.9,1,78,13
2026-01-28,13,277.89,313.86,2,187,17
2026-01-29,13,277.89,246.75,3,178,14
2026-01-30,13,277.89,292.65,4,170,9
2026-01-31,13,277.89,284.64,5,212,18
2026-02-01,13,277.89,268.4,6,170,18
2026-02-02,13,277.89,250.78,0,198,16
2026-02-03,13,277.89,271.29,1,194,16
2026-02-04,13,277.89,292.08,2,91,16
2026-02-05,13,277.89,270.75,3,158,13
2026-02-06,13,277.89,236.26,4,191,12
2026-02-07,13,277.89,269.06,5,141,18
2026-02-08,13,277.89,273.99,6,223,24
2026-02-09,13,277.89,298.09,0,169,14
2026-02-10,13,277.89,237.53,1,140,15
2026-02-11,13,277.89,287.85,2,173,14
2026-02-12,13,277.89,273.73,3,69,17
2026-02-13,13,277.89,285.05,4,156,18
2026-02-14,13,277.89,303.65,5,225,18
2026-02-15,13,277.89,285.45,6,190,18
2026-02-16,13,277.89,278.14,0,144,21
2026-02-17,13,277.89,274.75,1,118,12
2026-02-18,13,277.89,247.19,2,184,19
2026-02-19,13,277.89,292.57,3,160,17
2026-02-20,13,277.89,281.96,4,138,9
2026-02-21,13,277.89,238.09,5,205,18
2026-02-22,13,277.89,315.9,6,123,18
2026-02-23,13,277.89,239.87,0,153,16
2025-11-26,14,470.35,527.96,2,334,37
2025-11-27,14,470.35,512.45,3,520,51
2025-11-28,14,470.35,409.85,4,370,73
2025-11-29,14,470.35,536.58,5,602,61
2025-11-30,14,470.35,489.18,6,435,51
2025-12-01,14,470.35,423.91,0,529,75
2025-12-02,14,470.35,533.47,1,295,47
2025-12-03,14,470.35,520.55,2,602,44
2025-12-04,14,470.35,512.6,3,540,42
2025-12-05,14,470.35,472.14,4,330,45
2025-12-06,14,470.35,496.22,5,556,62
2025-12-07,14,470.35,499.49,6,312,79
2025-12-08,14,470.35,531.96,0,244,36
2025-12-09,14,470.35,443.16,1,589,58
2025-12-10,14,470.35,530.63,2,332,43
2025-12-11,14,470.35,430.17,3,231,59
2025-12-12,14,470.35,424.84,4,473,41
2025-12-13,14,470.35,457.64,5,788,68
2025-12-14,14,470.35,464.47,6,579,80
2025-12-15,14,470.35,449.52,0,607,59
2025-12-16,14,470.35,525.74,1,427,48
2025-12-17,14,470.35,527.14,2,256,46
2025-12-18,14,470.35,480.14,3,507,45
2025-12-19,14,470.35,439.45,4,590,72
2025-12-20,14,470.35,500.44,5,411,75
2025-12-21,14,470.35,513.67,6,564,62
2025-12-22,14,470.35,497.68,0,575,52
2025-12-23,14,470.35,449.61,1,507,52
2025-12-24,14,470.35,500.56,2,267,42
2025-12-25,14,470.35,449.79,3,274,49
2025-12-26,14,470.35,505.88,4,589,48
2025-12-27,14,470.35,517.92,5,658,62
2025-12-28,14,470.35,435.99,6,503,80
2025-12-29,14,470.35,436.95,0,226,68
2025-12-30,14,470.35,530.84,1,254,34
2025-12-31,14,470.35,429.3,2,264,59
2026-01-01,14,470.35,496.89,3,280,63
2026-01-02,14,470.35,421.86,4,560,58
2026-01-03,14,470.35,483.54,5,303,72
2026-01-04,14,470.35,465.58,6,406,75
2026-01-05,14,470.35,407.5,0,497,76
2026-01-06,14,470.35,425.06,1,587,64
2026-01-07,14,470.35,514.36,2,232,50
2026-01-08,14,470.35,516.74,3,601,51
2026-01-09,14,470.35,539.8,4,614,34
2026-01-10,14,470.35,513.85,5,334,57
2026-01-11,14,470.35,466.84,6,822,70
2026-01-12,14,470.35,517.97,0,334,40
2026-01-13,14,470.35,498.69,1,572,62
2026-01-14,14,470.35,525.94,2,378,48
2026-01-15,14,470.35,448.88,3,507,57
2026-01-16,14,470.35,500.04,4,277,54
2026-01-17,14,470.35,414.71,5,772,83
2026-01-18,14,470.35,531.9,6,847,64
2026-01-19,14,470.35,429.54,0,333,62
2026-01-20,14,470.35,406.84,1,294,65
2026-01-21,14,470.35,506.97,2,319,52
2026-01-22,14,470.35,510.25,3,650,52
2026-01-23,14,470.35,502.04,4,367,55
2026-01-24,14,470.35,461.97,5,798,75
2026-01-25,14,470.35,466.75,6,300,80
2026-01-26,14,470.35,418.01,0,469,77
2026-01-27,14,470.35,535.48,1,591,44
2026-01-28,14,470.35,445.94,2,510,60
2026-01-29,14,470.35,466.24,3,316,56
2026-01-30,14,470.35,404.64,4,451,55
2026-01-31,14,470.35,498.48,5,712,63
2026-02-01,14,470.35,535.82,6,671,68
2026-02-02,14,470.35,445.72,0,269,55
2026-02-03,14,470.35,415.23,1,406,58
2026-02-04,14,470.35,429.6,2,368,57
2026-02-05,14,470.35,540.44,3,566,47
2026-02-06,14,470.35,436.98,4,243,54
2026-02-07,14,470.35,470.86,5,765,67
2026-02-08,14,470.35,432.03,6,455,72
2026-02-09,14,470.35,537.2,0,526,43
2026-02-10,14,470.35,479.22,1,368,47
2026-02-11,14,470.35,465.06,2,652,53
2026-02-12,14,470.35,437.91,3,319,62
2026-02-13,14,470.35,455.97,4,458,62
2026-02-14,14,470.35,485.07,5,780,64
2026-02-15,14,470.35,407.41,6,598,83
2026-02-16,14,470.35,480.73,0,612,46
2026-02-17,14,470.35,438.54,1,599,54
2026-02-18,14,470.35,472.77,2,393,58
2026-02-19,14,470.35,399.81,3,658,73
2026-02-20,14,470.35,469.66,4,609,53
2026-02-21,14,470.35,442.26,5,392,72
2026-02-22,14,470.35,478.38,6,840,64
2026-02-23,14,470.35,503.83,0,543,43
2025-11-26,15,53.36,61.14,2,102,11
2025-11-27,15,53.36,59.6,3,115,7
2025-11-28,15,53.36,58.4,4,108,6
2025-11-29,15,53.36,52.63,5,202,18
2025-11-30,15,53.36,47.41,6,117,16
2025-12-01,15,53.36,54.51,0,107,15
2025-12-02,15,53.36,55.15,1,71,12
2025-12-03,15,53.36,48.64,2,109,22
2025-12-04,15,53.36,51.14,3,81,21
2025-12-05,15,53.36,48.34,4,176,14
2025-12-06,15,53.36,47.98,5,232,24
2025-12-07,15,53.36,54.02,6,217,20
2025-12-08,15,53.36,60.31,0,112,5
2025-12-09,15,53.36,55.13,1,168,9
2025-12-10,15,53.36,61.25,2,197,10
2025-12-11,15,53.36,54.13,3,131,17
2025-12-12,15,53.36,47.47,4,169,21
2025-12-13,15,53.36,54.77,5,122,14
2025-12-14,15,53.36,52.76,6,163,19
2025-12-15,15,53.36,56.18,0,114,13
2025-12-16,15,53.36,54.83,1,166,9
2025-12-17,15,53.36,45.54,2,127,16
2025-12-18,15,53.36,45.99,3,134,19
2025-12-19,15,53.36,59.86,4,113,13
2025-12-20,15,53.36,51.24,5,100,12
2025-12-21,15,53.36,46.06,6,119,23
2025-12-22,15,53.36,59.38,0,143,5
2025-12-23,15,53.36,51.83,1,78,17
2025-12-24,15,53.36,57.18,2,70,8
2025-12-25,15,53.36,55.09,3,103,5
2025-12-26,15,53.36,56.1,4,154,14
2025-12-27,15,53.36,59.2,5,195,16
2025-12-28,15,53.36,48.73,6,235,15
2025-12-29,15,53.36,55.4,0,172,8
2025-12-30,15,53.36,54.89,1,89,12
2025-12-31,15,53.36,58.82,2,99,9
2026-01-01,15,53.36,55.33,3,99,10
2026-01-02,15,53.36,49.69,4,80,19
2026-01-03,15,53.36,56.0,5,189,13
2026-01-04,15,53.36,51.1,6,253,10
2026-01-05,15,53.36,48.82,0,130,20
2026-01-06,15,53.36,52.96,1,196,6
2026-01-07,15,53.36,58.14,2,197,15
2026-01-08,15,53.36,58.79,3,161,12
2026-01-09,15,53.36,50.89,4,70,13
2026-01-10,15,53.36,55.53,5,153,10
2026-01-11,15,53.36,49.39,6,170,14
2026-01-12,15,53.36,57.66,0,77,11
2026-01-13,15,53.36,58.13,1,171,4
2026-01-14,15,53.36,60.76,2,139,9
2026-01-15,15,53.36,50.0,3,102,11
2026-01-16,15,53.36,55.59,4,116,13
2026-01-17,15,53.36,57.87,5,216,18
2026-01-18,15,53.36,46.43,6,137,31
2026-01-19,15,53.36,52.01,0,104,18
2026-01-20,15,53.36,55.68,1,71,20
2026-01-21,15,53.36,52.06,2,176,12
2026-01-22,15,53.36,49.25,3,185,12
2026-01-23,15,53.36,53.13,4,176,12
2026-01-24,15,53.36,48.62,5,246,18
2026-01-25,15,53.36,46.19,6,230,29
2026-01-26,15,53.36,59.28,0,174,6
2026-01-27,15,53.36,60.3,1,116,6
2026-01-28,15,53.36,59.91,2,201,8
2026-01-29,15,53.36,51.97,3,144,13
2026-01-30,15,53.36,51.2,4,128,16
2026-01-31,15,53.36,49.23,5,176,27
2026-02-01,15,53.36,46.87,6,226,24
2026-02-02,15,53.36,45.75,0,181,19
2026-02-03,15,53.36,59.14,1,79,7
2026-02-04,15,53.36,52.54,2,113,13
2026-02-05,15,53.36,46.14,3,73,19
2026-02-06,15,53.36,47.07,4,168,22
2026-02-07,15,53.36,58.94,5,216,13
2026-02-08,15,53.36,49.73,6,127,19
2026-02-09,15,53.36,57.06,0,102,7
2026-02-10,15,53.36,59.3,1,95,9
2026-02-11,15,53.36,57.92,2,182,11
2026-02-12,15,53.36,48.23,3,164,17
2026-02-13,15,53.36,51.57,4,82,20
2026-02-14,15,53.36,49.6,5,186,19
2026-02-15,15,53.36,47.02,6,112,15
2026-02-16,15,53.36,45.66,0,170,27
2026-02-17,15,53.36,55.68,1,186,9
2026-02-18,15,53.36,57.58,2,168,7
2026-02-19,15,53.36,46.85,3,171,17
2026-02-20,15,53.36,47.58,4,103,20
2026-02-21,15,53.36,53.92,5,125,16
2026-02-22,15,53.36,46.77,6,199,20
2026-02-23,15,53.36,47.03,0,204,13
