wasted/synthetic_demand_data.csv
Date,Product_ID,Base_Price,Current_Price,Day_Of_Week,Traffic_Views,Demand_Units
2025-11-26,16,200.45,172.84,2,187,21
2025-11-27,16,200.45,172.22,3,92,23
2025-11-28,16,200.45,208.21,4,237,13
2025-11-29,16,200.45,173.12,5,174,23
2025-11-30,16,200.45,181.32,6,189,30
2025-12-01,16,200.45,189.85,0,159,17
2025-12-02,16,200.45,225.86,1,207,10
2025-12-03,16,200.45,175.53,2,121,19
2025-12-04,16,200.45,227.53,3,162,10
2025-12-05,16,200.45,228.66,4,238,10
2025-12-06,16,200.45,175.34,5,264,26
2025-12-07,16,200.45,219.38,6,129,26
2025-12-08,16,200.45,227.62,0,196,20
2025-12-09,16,200.45,177.71,1,117,20
2025-12-10,16,200.45,188.61,2,131,15
2025-12-11,16,200.45,199.74,3,111,14
2025-12-12,16,200.45,200.8,4,230,19
2025-12-13,16,200.45,171.96,5,117,29
2025-12-14,16,200.45,174.13,6,226,29
2025-12-15,16,200.45,180.9,0,233,14
2025-12-16,16,200.45,176.65,1,152,18
2025-12-17,16,200.45,205.09,2,93,10
2025-12-18,16,200.45,228.36,3,242,17
2025-12-19,16,200.45,211.43,4,127,19
2025-12-20,16,200.45,186.48,5,298,20
2025-12-21,16,200.45,173.39,6,300,30
2025-12-22,16,200.45,195.43,0,175,13
2025-12-23,16,200.45,196.41,1,204,14
2025-12-24,16,200.45,186.67,2,128,9
2025-12-25,16,200.45,184.47,3,123,18
2025-12-26,16,200.45,182.11,4,239,21
2025-12-27,16,200.45,212.92,5,198,16
2025-12-28,16,200.45,222.38,6,146,12
2025-12-29,16,200.45,191.5,0,102,17
2025-12-30,16,200.45,198.71,1,199,17
2025-12-31,16,200.45,219.91,2,152,14
2026-01-01,16,200.45,195.47,3,113,12
2026-01-02,16,200.45,205.13,4,235,13
2026-01-03,16,200.45,176.06,5,297,32
2026-01-04,16,200.45,212.61,6,186,22
2026-01-05,16,200.45,191.62,0,223,17
2026-01-06,16,200.45,191.43,1,220,22
2026-01-07,16,200.45,204.34,2,200,7
2026-01-08,16,200.45,223.26,3,210,9
2026-01-09,16,200.45,219.63,4,144,19
2026-01-10,16,200.45,219.36,5,197,14
2026-01-11,16,200.45,170.44,6,120,25
2026-01-12,16,200.45,172.58,0,95,23
2026-01-13,16,200.45,187.39,1,138,16
2026-01-14,16,200.45,205.18,2,100,11
2026-01-15,16,200.45,212.72,3,123,14
2026-01-16,16,200.45,178.1,4,197,17
2026-01-17,16,200.45,215.34,5,302,17
2026-01-18,16,200.45,213.75,6,169,23
2026-01-19,16,200.45,197.33,0,170,12
2026-01-20,16,200.45,178.99,1,88,20
2026-01-21,16,200.45,182.71,2,213,16
2026-01-22,16,200.45,212.68,3,155,22
2026-01-23,16,200.45,193.01,4,149,17
2026-01-24,16,200.45,201.18,5,322,11
2026-01-25,16,200.45,200.96,6,163,26
2026-01-26,16,200.45,214.01,0,105,14
2026-01-27,16,200.45,177.19,1,184,23
2026-01-28,16,200.45,207.67,2,144,21
2026-01-29,16,200.45,220.17,3,218,5
2026-01-30,16,200.45,200.67,4,117,17
2026-01-31,16,200.45,215.47,5,133,24
2026-02-01,16,200.45,173.61,6,143,26
2026-02-02,16,200.45,174.09,0,114,15
2026-02-03,16,200.45,203.03,1,229,11
2026-02-04,16,200.45,204.41,2,113,18
2026-02-05,16,200.45,202.7,3,230,13
2026-02-06,16,200.45,171.64,4,124,10
2026-02-07,16,200.45,223.6,5,240,15
2026-02-08,16,200.45,176.67,6,273,26
2026-02-09,16,200.45,187.82,0,194,11
2026-02-10,16,200.45,218.31,1,187,9
2026-02-11,16,200.45,198.51,2,252,18
2026-02-12,16,200.45,177.45,3,221,20
2026-02-13,16,200.45,209.36,4,157,14
2026-02-14,16,200.45,175.86,5,272,19
2026-02-15,16,200.45,182.2,6,168,29
2026-02-16,16,200.45,196.79,0,93,23
2026-02-17,16,200.45,197.48,1,88,17
2026-02-18,16,200.45,198.64,2,142,20
2026-02-19,16,200.45,199.03,3,246,9
2026-02-20,16,200.45,191.51,4,131,15
2026-02-21,16,200.45,210.73,5,280,14
2026-02-22,16,200.45,203.13,6,230,13
2026-02-23,16,200.45,174.68,0,153,21
2025-11-26,17,147.66,148.19,2,213,35
2025-11-27,17,147.66,131.14,3,300,48
2025-11-28,17,147.66,158.76,4,384,26
2025-11-29,17,147.66,137.8,5,263,49
2025-11-30,17,147.66,155.08,6,257,32
2025-12-01,17,147.66,130.6,0,326,39
2025-12-02,17,147.66,152.39,1,271,41
2025-12-03,17,147.66,165.05,2,387,23
2025-12-04,17,147.66,164.18,3,362,31
2025-12-05,17,147.66,159.1,4,351,22
2025-12-06,17,147.66,167.63,5,249,31
2025-12-07,17,147.66,161.71,6,364,38
2025-12-08,17,147.66,148.35,0,290,35
2025-12-09,17,147.66,148.77,1,355,24
2025-12-10,17,147.66,167.01,2,310,22
2025-12-11,17,147.66,146.6,3,257,32
2025-12-12,17,147.66,151.66,4,296,28
2025-12-13,17,147.66,148.46,5,305,55
2025-12-14,17,147.66,127.81,6,491,52
2025-12-15,17,147.66,137.88,0,336,42
2025-12-16,17,147.66,167.62,1,323,29
2025-12-17,17,147.66,140.71,2,361,39
2025-12-18,17,147.66,164.05,3,185,31
2025-12-19,17,147.66,148.55,4,189,37
2025-12-20,17,147.66,131.02,5,349,56
2025-12-21,17,147.66,168.06,6,266,33
2025-12-22,17,147.66,138.97,0,214,55
2025-12-23,17,147.66,142.07,1,424,38
2025-12-24,17,147.66,157.97,2,325,31
2025-12-25,17,147.66,144.51,3,306,38
2025-12-26,17,147.66,154.49,4,408,31
2025-12-27,17,147.66,166.63,5,546,30
2025-12-28,17,147.66,138.91,6,406,56
2025-12-29,17,147.66,127.28,0,232,39
2025-12-30,17,147.66,161.72,1,369,16
2025-12-31,17,147.66,166.82,2,182,35
2026-01-01,17,147.66,159.05,3,411,19
2026-01-02,17,147.66,152.95,4,268,29
2026-01-03,17,147.66,130.09,5,345,62
2026-01-04,17,147.66,159.01,6,364,35
2026-01-05,17,147.66,153.48,0,377,32
2026-01-06,17,147.66,135.46,1,264,33
2026-01-07,17,147.66,165.26,2,222,21
2026-01-08,17,147.66,164.77,3,160,28
2026-01-09,17,147.66,139.14,4,218,32
2026-01-10,17,147.66,136.03,5,305,54
2026-01-11,17,147.66,157.76,6,420,41
2026-01-12,17,147.66,127.51,0,275,54
2026-01-13,17,147.66,144.76,1,402,29
2026-01-14,17,147.66,148.12,2,223,29
2026-01-15,17,147.66,168.76,3,427,29
2026-01-16,17,147.66,141.56,4,390,40
2026-01-17,17,147.66,139.43,5,557,41
2026-01-18,17,147.66,142.13,6,430,38
2026-01-19,17,147.66,141.4,0,440,36
2026-01-20,17,147.66,126.1,1,306,46
2026-01-21,17,147.66,139.65,2,413,29
2026-01-22,17,147.66,129.51,3,425,39
2026-01-23,17,147.66,141.53,4,301,39
2026-01-24,17,147.66,163.45,5,342,28
2026-01-25,17,147.66,168.95,6,250,27
2026-01-26,17,147.66,149.47,0,387,26
2026-01-27,17,147.66,169.57,1,346,23
2026-01-28,17,147.66,134.05,2,203,46
2026-01-29,17,147.66,149.28,3,422,29
2026-01-30,17,147.66,150.17,4,364,29
2026-01-31,17,147.66,147.72,5,280,41
2026-02-01,17,147.66,147.84,6,399,50
2026-02-02,17,147.66,156.1,0,315,28
2026-02-03,17,147.66,150.17,1,425,30
2026-02-04,17,147.66,154.33,2,408,29
2026-02-05,17,147.66,128.72,3,427,39
2026-02-06,17,147.66,144.62,4,214,35
2026-02-07,17,147.66,161.09,5,208,41
2026-02-08,17,147.66,166.38,6,408,30
2026-02-09,17,147.66,138.06,0,147,46
2026-02-10,17,147.66,156.64,1,380,31
2026-02-11,17,147.66,127.69,2,397,46
2026-02-12,17,147.66,156.29,3,277,40
2026-02-13,17,147.66,128.48,4,321,48
2026-02-14,17,147.66,143.79,5,278,47
2026-02-15,17,147.66,140.02,6,271,48
2026-02-16,17,147.66,126.79,0,350,46
2026-02-17,17,147.66,151.73,1,363,32
2026-02-18,17,147.66,131.63,2,264,45
2026-02-19,17,147.66,155.94,3,380,30
2026-02-20,17,147.66,141.8,4,310,27
2026-02-21,17,147.66,128.65,5,420,53
2026-02-22,17,147.66,153.14,6,263,39
2026-02-23,17,147.66,140.14,0,322,45
2025-11-26,18,46.53,49.2,2,438,54
2025-11-27,18,46.53,48.25,3,289,28
2025-11-28,18,46.53,44.31,4,706,54
2025-11-29,18,46.53,47.7,5,371,60
2025-11-30,18,46.53,41.91,6,500,54
2025-12-01,18,46.53,41.71,0,484,49
2025-12-02,18,46.53,41.13,1,733,57
2025-12-03,18,46.53,44.85,2,538,40
2025-12-04,18,46.53,49.21,3,666,36
2025-12-05,18,46.53,42.68,4,357,48
2025-12-06,18,46.53,45.41,5,731,55
2025-12-07,18,46.53,49.76,6,373,38
2025-12-08,18,46.53,39.97,0,399,55
2025-12-09,18,46.53,43.13,1,722,46
2025-12-10,18,46.53,45.79,2,543,44
2025-12-11,18,46.53,50.51,3,687,37
2025-12-12,18,46.53,49.17,4,678,44
2025-12-13,18,46.53,45.55,5,881,66
2025-12-14,18,46.53,41.85,6,533,69
2025-12-15,18,46.53,43.81,0,352,55
2025-12-16,18,46.53,48.4,1,282,37
2025-12-17,18,46.53,49.22,2,459,44
2025-12-18,18,46.53,50.64,3,383,32
2025-12-19,18,46.53,46.48,4,387,35
2025-12-20,18,46.53,46.96,5,703,76
2025-12-21,18,46.53,45.65,6,702,44
2025-12-22,18,46.53,48.81,0,613,49
2025-12-23,18,46.53,48.38,1,345,40
2025-12-24,18,46.53,52.83,2,661,50
2025-12-25,18,46.53,41.95,3,494,46
2025-12-26,18,46.53,41.73,4,481,53
2025-12-27,18,46.53,42.5,5,960,69
2025-12-28,18,46.53,47.66,6,645,46
2025-12-29,18,46.53,52.23,0,478,38
2025-12-30,18,46.53,42.52,1,574,45
2025-12-31,18,46.53,46.97,2,263,43
2026-01-01,18,46.53,40.95,3,255,52
2026-01-02,18,46.53,47.43,4,667,46
2026-01-03,18,46.53,41.2,5,321,69
2026-01-04,18,46.53,43.05,6,398,58
2026-01-05,18,46.53,52.92,0,514,40
2026-01-06,18,46.53,44.22,1,608,44
2026-01-07,18,46.53,51.54,2,494,43
2026-01-08,18,46.53,43.02,3,712,43
2026-01-09,18,46.53,42.16,4,521,43
2026-01-10,18,46.53,49.27,5,554,61
2026-01-11,18,46.53,53.17,6,689,46
2026-01-12,18,46.53,45.44,0,266,43
2026-01-13,18,46.53,50.11,1,441,42
2026-01-14,18,46.53,43.78,2,724,60
2026-01-15,18,46.53,40.5,3,403,44
2026-01-16,18,46.53,40.32,4,457,49
2026-01-17,18,46.53,42.01,5,472,62
2026-01-18,18,46.53,42.83,6,740,59
2026-01-19,18,46.53,47.45,0,700,49
2026-01-20,18,46.53,40.56,1,585,50
2026-01-21,18,46.53,46.43,2,287,55
2026-01-22,18,46.53,45.17,3,272,45
2026-01-23,18,46.53,43.42,4,708,51
2026-01-24,18,46.53,44.93,5,909,65
2026-01-25,18,46.53,50.61,6,441,49
2026-01-26,18,46.53,49.22,0,521,45
2026-01-27,18,46.53,47.34,1,397,32
2026-01-28,18,46.53,50.26,2,348,37
2026-01-29,18,46.53,46.12,3,324,38
2026-01-30,18,46.53,45.59,4,486,47
2026-01-31,18,46.53,50.32,5,467,65
2026-02-01,18,46.53,40.64,6,389,64
2026-02-02,18,46.53,42.58,0,577,69
2026-02-03,18,46.53,48.02,1,706,44
2026-02-04,18,46.53,50.03,2,488,42
2026-02-05,18,46.53,45.5,3,733,45
2026-02-06,18,46.53,52.68,4,694,40
2026-02-07,18,46.53,46.42,5,886,55
2026-02-08,18,46.53,43.14,6,766,59
2026-02-09,18,46.53,50.42,0,547,44
2026-02-10,18,46.53,49.46,1,581,38
2026-02-11,18,46.53,43.98,2,386,46
2026-02-12,18,46.53,48.52,3,435,57
2026-02-13,18,46.53,46.32,4,514,43
2026-02-14,18,46.53,45.82,5,666,50
2026-02-15,18,46.53,48.92,6,657,65
2026-02-16,18,46.53,42.54,0,278,49
2026-02-17,18,46.53,41.18,1,541,44
2026-02-18,18,46.53,40.54,2,488,54
2026-02-19,18,46.53,52.7,3,278,37
2026-02-20,18,46.53,44.71,4,567,50
2026-02-21,18,46.53,46.77,5,914,57
2026-02-22,18,46.53,46.94,6,575,52
2026-02-23,18,46.53,44.93,0,325,49
2025-11-26,19,12.71,12.1,2,255,60
2025-11-27,19,12.71,12.86,3,474,45
2025-11-28,19,12.71,13.66,4,523,42
2025-11-29,19,12.71,11.98,5,712,67
2025-11-30,19,12.71,11.26,6,520,60
2025-12-01,19,12.71,12.08,0,264,44
2025-12-02,19,12.71,14.31,1,571,40
2025-12-03,19,12.71,12.36,2,438,46
2025-12-04,19,12.71,11.64,3,620,65
2025-12-05,19,12.71,13.01,4,246,53
2025-12-06,19,12.71,14.55,5,492,62
2025-12-07,19,12.71,11.41,6,743,62
2025-12-08,19,12.71,13.37,0,612,33
2025-12-09,19,12.71,12.9,1,226,47
2025-12-10,19,12.71,12.69,2,622,54
2025-12-11,19,12.71,12.47,3,314,54
2025-12-12,19,12.71,11.41,4,400,40
2025-12-13,19,12.71,13.86,5,519,53
2025-12-14,19,12.71,11.58,6,746,76
2025-12-15,19,12.71,13.81,0,485,37
2025-12-16,19,12.71,12.6,1,227,37
2025-12-17,19,12.71,11.97,2,537,47
2025-12-18,19,12.71,14.54,3,410,47
2025-12-19,19,12.71,11.01,4,520,49
2025-12-20,19,12.71,13.38,5,440,62
2025-12-21,19,12.71,14.54,6,374,57
2025-12-22,19,12.71,11.95,0,344,53
2025-12-23,19,12.71,11.19,1,324,47
2025-12-24,19,12.71,11.56,2,465,56
2025-12-25,19,12.71,13.21,3,430,34
2025-12-26,19,12.71,11.57,4,339,45
2025-12-27,19,12.71,13.06,5,299,56
2025-12-28,19,12.71,11.84,6,535,50
2025-12-29,19,12.71,11.39,0,411,50
2025-12-30,19,12.71,14.17,1,581,51
2025-12-31,19,12.71,11.41,2,482,56
2026-01-01,19,12.71,11.42,3,305,45
2026-01-02,19,12.71,12.92,4,533,38
2026-01-03,19,12.71,11.77,5,278,65
2026-01-04,19,12.71,12.09,6,545,53
2026-01-05,19,12.71,13.18,0,446,37
2026-01-06,19,12.71,13.97,1,543,49
2026-01-07,19,12.71,13.69,2,525,38
2026-01-08,19,12.71,12.3,3,266,44
2026-01-09,19,12.71,12.24,4,573,58
2026-01-10,19,12.71,12.59,5,705,52
2026-01-11,19,12.71,11.06,6,757,57
2026-01-12,19,12.71,12.98,0,347,41
2026-01-13,19,12.71,13.63,1,303,29
2026-01-14,19,12.71,12.98,2,587,59
2026-01-15,19,12.71,13.76,3,566,49
2026-01-16,19,12.71,13.24,4,338,44
2026-01-17,19,12.71,11.61,5,349,72
2026-01-18,19,12.71,11.21,6,280,81
2026-01-19,19,12.71,13.54,0,452,42
2026-01-20,19,12.71,12.65,1,270,49
2026-01-21,19,12.71,11.83,2,501,44
2026-01-22,19,12.71,12.33,3,354,53
2026-01-23,19,12.71,13.27,4,220,46
2026-01-24,19,12.71,14.57,5,523,36
2026-01-25,19,12.71,12.91,6,759,72
2026-01-26,19,12.71,11.33,0,486,52
2026-01-27,19,12.71,12.51,1,557,42
2026-01-28,19,12.71,14.4,2,596,34
2026-01-29,19,12.71,11.12,3,595,54
2026-01-30,19,12.71,13.29,4,466,39
2026-01-31,19,12.71,12.25,5,543,64
2026-02-01,19,12.71,14.53,6,356,51
2026-02-02,19,12.71,13.08,0,385,43
2026-02-03,19,12.71,11.89,1,308,55
2026-02-04,19,12.71,14.55,2,486,24
2026-02-05,19,12.71,10.82,3,520,66
2026-02-06,19,12.71,12.25,4,380,52
2026-02-07,19,12.71,10.99,5,272,63
2026-02-08,19,12.71,11.64,6,638,72
2026-02-09,19,12.71,12.31,0,610,48
2026-02-10,19,12.71,11.62,1,454,62
2026-02-11,19,12.71,11.4,2,547,42
2026-02-12,19,12.71,14.47,3,584,35
2026-02-13,19,12.71,12.3,4,370,43
2026-02-14,19,12.71,14.16,5,506,51
2026-02-15,19,12.71,13.87,6,700,44
2026-02-16,19,12.71,12.73,0,549,54
2026-02-17,19,12.71,12.44,1,439,43
2026-02-18,19,12.71,14.12,2,328,38
2026-02-19,19,12.71,12.06,3,432,59
2026-02-20,19,12.71,14.17,4,465,39
2026-02-21,19,12.71,12.33,5,785,68
2026-02-22,19,12.71,14.38,6,635,39
2026-02-23,19,12.71,13.33,0,327,43
2025-11-26,20,387.92,359.75,2,96,10
2025-11-27,20,387.92,422.28,3,64,2
2025-11-28,20,387.92,366.98,4,116,3
2025-11-29,20,387.92,435.74,5,143,7
2025-11-30,20,387.92,388.32,6,128,6
2025-12-01,20,387.92,359.37,0,98,12
2025-12-02,20,387.92,376.17,1,46,3
2025-12-03,20,387.92,440.11,2,105,6
2025-12-04,20,387.92,411.85,3,118,5
2025-12-05,20,387.92,344.81,4,115,11
2025-12-06,20,387.92,354.53,5,57,12
2025-12-07,20,387.92,421.64,6,125,9
2025-12-08,20,387.92,381.38,0,113,9
2025-12-09,20,387.92,432.64,1,60,7
2025-12-10,20,387.92,438.03,2,51,8
2025-12-11,20,387.92,434.68,3,80,7
2025-12-12,20,387.92,422.84,4,58,7
2025-12-13,20,387.92,339.11,5,133,12
2025-12-14,20,387.92,357.52,6,103,10
2025-12-15,20,387.92,407.79,0,88,7
2025-12-16,20,387.92,442.8,1,69,4
2025-12-17,20,387.92,425.44,2,113,9
2025-12-18,20,387.92,373.41,3,65,13
2025-12-19,20,387.92,389.22,4,45,4
2025-12-20,20,387.92,390.4,5,159,5
2025-12-21,20,387.92,385.23,6,131,7
2025-12-22,20,387.92,350.87,0,72,12
2025-12-23,20,387.92,443.83,1,47,5
2025-12-24,20,387.92,390.42,2,47,11
2025-12-25,20,387.92,343.37,3,69,8
2025-12-26,20,387.92,379.18,4,117,8
2025-12-27,20,387.92,408.58,5,94,10
2025-12-28,20,387.92,365.4,6,143,4
2025-12-29,20,387.92,446.06,0,105,3
2025-12-30,20,387.92,410.16,1,64,5
2025-12-31,20,387.92,378.34,2,51,10
2026-01-01,20,387.92,437.55,3,76,1
2026-01-02,20,387.92,359.18,4,113,10
2026-01-03,20,387.92,441.18,5,115,6
2026-01-04,20,387.92,445.85,6,103,7
2026-01-05,20,387.92,400.07,0,105,5
2026-01-06,20,387.92,410.27,1,53,8
2026-01-07,20,387.92,354.14,2,123,12
2026-01-08,20,387.92,390.31,3,78,6
2026-01-09,20,387.92,368.16,4,50,5
2026-01-10,20,387.92,432.57,5,91,4
2026-01-11,20,387.92,424.67,6,118,9
2026-01-12,20,387.92,372.42,0,49,14
2026-01-13,20,387.92,384.93,1,55,5
2026-01-14,20,387.92,348.52,2,121,7
2026-01-15,20,387.92,409.71,3,67,2
2026-01-16,20,387.92,442.92,4,71,7
2026-01-17,20,387.92,435.84,5,70,8
2026-01-18,20,387.92,425.13,6,162,10
2026-01-19,20,387.92,383.73,0,62,8
2026-01-20,20,387.92,431.26,1,92,5
2026-01-21,20,387.92,335.79,2,51,6
2026-01-22,20,387.92,347.59,3,72,7
2026-01-23,20,387.92,393.25,4,71,5
2026-01-24,20,387.92,380.48,5,71,13
2026-01-25,20,387.92,338.51,6,81,11
2026-01-26,20,387.92,369.07,0,117,11
2026-01-27,20,387.92,348.33,1,55,10
2026-01-28,20,387.92,347.12,2,84,8
2026-01-29,20,387.92,435.82,3,70,4
2026-01-30,20,387.92,340.32,4,118,8
2026-01-31,20,387.92,386.34,5,108,10
2026-02-01,20,387.92,404.14,6,68,8
2026-02-02,20,387.92,425.76,0,82,4
2026-02-03,20,387.92,372.72,1,83,8
2026-02-04,20,387.92,402.27,2,46,4
2026-02-05,20,387.92,340.92,3,77,4
2026-02-06,20,387.92,429.44,4,120,4
2026-02-07,20,387.92,343.85,5,66,10
2026-02-08,20,387.92,401.62,6,103,13
2026-02-09,20,387.92,343.73,0,100,7
2026-02-10,20,387.92,436.97,1,123,2
2026-02-11,20,387.92,382.5,2,84,7
2026-02-12,20,387.92,445.6,3,62,3
2026-02-13,20,387.92,429.94,4,47,3
2026-02-14,20,387.92,387.69,5,114,9
2026-02-15,20,387.92,349.54,6,81,8
2026-02-16,20,387.92,331.22,0,99,7
2026-02-17,20,387.92,404.65,1,69,5
2026-02-18,20,387.92,421.9,2,68,5
2026-02-19,20,387.92,344.57,3,49,13
2026-02-20,20,387.92,439.4,4,104,8
2026-02-21,20,387.92,427.98,5,100,8
2026-02-22,20,387.92,433.41,6,64,10
2026-02-23,20,387.92,345.11,0,73,8
